
=== 1. Health Check ===
  [PASS] GET / → 200
  [PASS] Root health status=ok
  [PASS] GET /api/health → 200

=== 2. Auth - Register ===
  [PASS] POST /api/auth/register → 409 (already exists)
  [PASS] Fallback login → 200
  [PASS] Duplicate email → 409
  [PASS] Short password → 422 (validation)

=== 3. Auth - Login ===
  [PASS] Admin login → 200
  [PASS] Admin has role=admin
  [PASS] Login returns token_type=bearer
  [PASS] Wrong password → 401
  [PASS] Non-existent email → 401

=== 4. Auth - Profile (JWT) ===
  [PASS] GET /api/auth/me → 200 (user)
  [PASS] Profile returns correct email
  [PASS] Profile has role field
  [PASS] GET /api/auth/me → 200 (admin)
  [PASS] No token → 401/403
  [PASS] Invalid token → 401

=== 5. Admin Routes ===
  [PASS] GET /api/admin/users → 200
  [PASS] Users is a list
  [PASS] At least 1 user (admin)
  [PASS] User → admin route → 403

=== 6. Admin - Stats ===
  [PASS] GET /api/admin/stats → 200
  [PASS] Stats has total_users
  [PASS] Stats has total_sessions
  [PASS] Stats has total_tokens_used
  [PASS] total_users >= 1

=== 7. Admin - Toggle Active ===
  [PASS] PATCH toggle-active → 200
  [PASS] User is_active toggled (now=False)
  [PASS] Toggle back → 200
  [PASS] User is_active restored

=== 8. Debate Routes (no AI - just DB) ===
  [PASS] GET /api/debate → 200
  [PASS] Debate sessions is list
  [PASS] Debate no auth → 401/403

=== 9. Swagger UI ===
  [PASS] GET /docs → 200
  [PASS] /docs has HTML content
  [PASS] GET /openapi.json → 200
  [PASS] OpenAPI has 13 paths

==================================================
  RESULTS: 38 passed, 0 failed, 38 total
==================================================
